Analyzing sections...

python : Traceback (most recent call last):
At line:1 char:1
+ python quick_bullet_test.py > test_output.txt 2>&1
+ ~~~~~~~~~~~~~~~~~~~~~~~~~~~~~~~~~~~~~~~~~~~~~~~~~~
    + CategoryInfo          : NotSpecified: (Traceback (most recent call last)::String) [], RemoteException
    + FullyQualifiedErrorId : NativeCommandError
 
  File "C:\Users\user\Desktop\PATTERN\quick_bullet_test.py", line 47, in <module>
    heading = section_data.get('heading', 'Unknown')
              ^^^^^^^^^^^^^^^^
AttributeError: 'list' object has no attribute 'get'
